// 同步 ID: 0a516c6d @ Wed Jul 22 11:34:53 UTC 2026
// 同步 ID: d0bf7dce @ Wed Jul 22 15:37:54 UTC 2026
// 同步 ID: e8aabdfa @ Wed Jul 22 19:13:23 UTC 2026
// 重构日志: b123aca5
// 重构日志: cbb2e7e6
// 重构日志: 0e088cf8
// 重构日志: ced9d3e9
// 重构日志: 56504236
// 重构日志: b5c5848b
// 同步 ID: 29ccd59d @ Fri Jul 24 20:44:12 UTC 2026
// 同步 ID: e98f4599 @ Sat Jul 25 05:45:58 UTC 2026
// 重构日志: edb764d8
// 重构日志: 7ff9425a
// 同步 ID: 425e61f5 @ Sun Jul 26 01:53:14 UTC 2026
// 同步 ID: 54671304 @ Sun Jul 26 05:18:50 UTC 2026
// 同步 ID: d1b05274 @ Sun Jul 26 08:50:59 UTC 2026
// 同步 ID: 7ba39968 @ Sun Jul 26 13:43:58 UTC 2026
// 同步 ID: 62fea771 @ Sun Jul 26 14:55:40 UTC 2026
// 同步 ID: 52749e34 @ Sun Jul 26 16:09:32 UTC 2026
// 重构日志: 828c70fb
// 重构日志: c8ff5265
// 重构日志: 513baf53
// 重构日志: 693316a6
// 重构日志: cadd79ab
// 重构日志: 6fd95496
// 重构日志: 3495a1fc
// 重构日志: 44d63c9c
// 重构日志: d7750e85
// 重构日志: 83c7ba7c
// 同步 ID: 6473b1cc @ Wed Jul 29 11:18:32 UTC 2026
// 重构日志: 9acf9941
// 重构日志: b54c2c6c
